2026-09-12 20:36:35,601 | INFO | __main__ | Бот запущен: @mygemyn_bot
2026-09-12 20:36:35,616 | INFO | aiogram.dispatcher | Start polling
2026-09-12 20:36:35,677 | INFO | aiogram.dispatcher | Run polling for bot @mygemyn_bot id=8969663971 - 'MyGemy'
2026-09-12 20:36:35,768 | INFO | aiogram.event | Update id=696938108 is handled. Duration 3 ms by bot id=8969663971
2026-09-12 20:38:55,460 | INFO | aiogram.event | Update id=696938109 is handled. Duration 460 ms by bot id=8969663971
2026-09-12 21:58:10,295 | ERROR | aiogram.dispatcher | Failed to fetch updates - TelegramNetworkError: HTTP Client says - Request timeout error
2026-09-12 21:58:10,419 | WARNING | aiogram.dispatcher | Sleep for 1.000000 seconds and try again... (tryings = 0, bot id = 8969663971)
2026-09-12 21:58:11,509 | ERROR | aiogram.dispatcher | Failed to fetch updates - TelegramNetworkError: HTTP Client says - ClientConnectorDNSError: Cannot connect to host api.telegram.org:443 ssl:default [getaddrinfo failed]
2026-09-12 21:58:11,527 | WARNING | aiogram.dispatcher | Sleep for 1.170231 seconds and try again... (tryings = 1, bot id = 8969663971)
2026-09-12 21:58:12,799 | ERROR | aiogram.dispatcher | Failed to fetch updates - TelegramNetworkError: HTTP Client says - ClientConnectorDNSError: Cannot connect to host api.telegram.org:443 ssl:default [getaddrinfo failed]
2026-09-12 21:58:12,945 | WARNING | aiogram.dispatcher | Sleep for 1.566876 seconds and try again... (tryings = 2, bot id = 8969663971)
2026-09-12 21:58:21,512 | INFO | aiogram.dispatcher | Connection established (tryings = 3, bot id = 8969663971)
2026-09-12 21:58:21,520 | INFO | aiogram.event | Update id=696938110 is handled. Duration 6 ms by bot id=8969663971
2026-09-12 21:58:21,521 | INFO | aiogram.event | Update id=696938111 is handled. Duration 0 ms by bot id=8969663971
2026-09-12 21:58:21,522 | INFO | aiogram.event | Update id=696938112 is handled. Duration 0 ms by bot id=8969663971
2026-09-12 21:58:21,522 | INFO | aiogram.event | Update id=696938113 is handled. Duration 0 ms by bot id=8969663971
2026-09-12 21:58:21,522 | INFO | aiogram.event | Update id=696938114 is handled. Duration 0 ms by bot id=8969663971
2026-09-12 21:58:21,523 | INFO | aiogram.event | Update id=696938115 is handled. Duration 0 ms by bot id=8969663971
2026-09-12 21:58:21,524 | INFO | aiogram.event | Update id=696938116 is handled. Duration 0 ms by bot id=8969663971
2026-09-12 21:58:21,524 | INFO | aiogram.event | Update id=696938117 is handled. Duration 0 ms by bot id=8969663971
2026-09-12 21:58:21,524 | INFO | aiogram.event | Update id=696938118 is handled. Duration 0 ms by bot id=8969663971
2026-09-12 21:58:21,525 | INFO | aiogram.event | Update id=696938119 is handled. Duration 0 ms by bot id=8969663971
2026-09-12 21:58:21,525 | INFO | aiogram.event | Update id=696938120 is handled. Duration 0 ms by bot id=8969663971
2026-09-12 21:58:21,526 | INFO | aiogram.event | Update id=696938121 is handled. Duration 0 ms by bot id=8969663971
2026-09-12 21:58:21,526 | INFO | aiogram.event | Update id=696938122 is handled. Duration 0 ms by bot id=8969663971
2026-09-12 21:58:21,527 | INFO | aiogram.event | Update id=696938123 is handled. Duration 0 ms by bot id=8969663971
2026-09-12 21:58:21,527 | INFO | aiogram.event | Update id=696938124 is handled. Duration 0 ms by bot id=8969663971
2026-09-12 21:58:21,527 | INFO | aiogram.event | Update id=696938125 is handled. Duration 0 ms by bot id=8969663971
2026-09-12 21:58:21,528 | INFO | aiogram.event | Update id=696938126 is handled. Duration 0 ms by bot id=8969663971
2026-09-12 21:58:21,528 | INFO | aiogram.event | Update id=696938127 is handled. Duration 0 ms by bot id=8969663971
2026-09-12 21:58:21,529 | INFO | aiogram.event | Update id=696938128 is handled. Duration 0 ms by bot id=8969663971
2026-09-12 21:58:21,529 | INFO | aiogram.event | Update id=696938129 is handled. Duration 0 ms by bot id=8969663971
2026-09-12 21:58:21,530 | INFO | aiogram.event | Update id=696938130 is handled. Duration 0 ms by bot id=8969663971
2026-09-12 21:58:21,530 | INFO | aiogram.event | Update id=696938131 is handled. Duration 0 ms by bot id=8969663971
2026-09-12 21:58:21,530 | INFO | aiogram.event | Update id=696938132 is handled. Duration 0 ms by bot id=8969663971
2026-09-12 21:58:21,531 | INFO | aiogram.event | Update id=696938133 is handled. Duration 0 ms by bot id=8969663971
2026-09-12 21:58:21,531 | INFO | aiogram.event | Update id=696938134 is handled. Duration 0 ms by bot id=8969663971
2026-09-12 21:58:21,531 | INFO | aiogram.event | Update id=696938135 is handled. Duration 0 ms by bot id=8969663971
2026-09-12 21:58:21,532 | INFO | aiogram.event | Update id=696938136 is handled. Duration 0 ms by bot id=8969663971
2026-09-12 21:58:22,281 | INFO | google_genai.models | AFC is enabled with max remote calls: 10.
2026-09-12 21:58:22,281 | WARNING | google_genai.models | Direct use of automatic function calling (AFC) in AsyncModels.generate_content_stream is not recommended. Instead, we recommend to use AFC in AsyncChat.send_message_stream. Similarly, direct use of AFC in AsyncModels.generate_content is not recommended. Instead, we recommend to use AFC in AsyncChat.send_message.
2026-09-12 21:58:22,531 | INFO | aiogram.event | Update id=696938138 is not handled. Duration 998 ms by bot id=8969663971
2026-09-12 21:58:22,532 | ERROR | aiogram.event | Cause exception while process update id=696938138 by bot id=8969663971
TelegramBadRequest: Telegram server says - Bad Request: message to be replied not found
Traceback (most recent call last):
  File "C:\Users\Stepan.WIN-6GD49LNTJ9L\AppData\Local\Programs\Python\Python313\Lib\site-packages\aiogram\dispatcher\dispatcher.py", line 321, in _process_update
    response = await self.feed_update(bot, update, **kwargs)
               ^^^^^^^^^^^^^^^^^^^^^^^^^^^^^^^^^^^^^^^^^^^^^
  File "C:\Users\Stepan.WIN-6GD49LNTJ9L\AppData\Local\Programs\Python\Python313\Lib\site-packages\aiogram\dispatcher\dispatcher.py", line 164, in feed_update
    response = await self.update.wrap_outer_middleware(
               ^^^^^^^^^^^^^^^^^^^^^^^^^^^^^^^^^^^^^^^^
    ...<8 lines>...
    )
    ^
  File "C:\Users\Stepan.WIN-6GD49LNTJ9L\AppData\Local\Programs\Python\Python313\Lib\site-packages\aiogram\dispatcher\middlewares\error.py", line 27, in __call__
    return await handler(event, data)
           ^^^^^^^^^^^^^^^^^^^^^^^^^^
  File "C:\Users\Stepan.WIN-6GD49LNTJ9L\AppData\Local\Programs\Python\Python313\Lib\site-packages\aiogram\dispatcher\middlewares\user_context.py", line 58, in __call__
    return await handler(event, data)
           ^^^^^^^^^^^^^^^^^^^^^^^^^^
  File "C:\Users\Stepan.WIN-6GD49LNTJ9L\AppData\Local\Programs\Python\Python313\Lib\site-packages\aiogram\fsm\middleware.py", line 43, in __call__
    return await handler(event, data)
           ^^^^^^^^^^^^^^^^^^^^^^^^^^
  File "C:\Users\Stepan.WIN-6GD49LNTJ9L\AppData\Local\Programs\Python\Python313\Lib\site-packages\aiogram\dispatcher\event\telegram.py", line 126, in trigger
    return await wrapped_inner(event, kwargs)
           ^^^^^^^^^^^^^^^^^^^^^^^^^^^^^^^^^^
  File "C:\Users\Stepan.WIN-6GD49LNTJ9L\AppData\Local\Programs\Python\Python313\Lib\site-packages\aiogram\dispatcher\event\handler.py", line 71, in call
    return await wrapped()
           ^^^^^^^^^^^^^^^
  File "C:\Users\Stepan.WIN-6GD49LNTJ9L\AppData\Local\Programs\Python\Python313\Lib\site-packages\aiogram\dispatcher\dispatcher.py", line 284, in _listen_update
    return await self.propagate_event(update_type=update_type, event=event, **kwargs)
           ^^^^^^^^^^^^^^^^^^^^^^^^^^^^^^^^^^^^^^^^^^^^^^^^^^^^^^^^^^^^^^^^^^^^^^^^^^
  File "C:\Users\Stepan.WIN-6GD49LNTJ9L\AppData\Local\Programs\Python\Python313\Lib\site-packages\aiogram\dispatcher\router.py", line 172, in propagate_event
    return await observer.wrap_outer_middleware(_wrapped, event=event, data=kwargs)
           ^^^^^^^^^^^^^^^^^^^^^^^^^^^^^^^^^^^^^^^^^^^^^^^^^^^^^^^^^^^^^^^^^^^^^^^^
  File "C:\Users\Stepan.WIN-6GD49LNTJ9L\AppData\Local\Programs\Python\Python313\Lib\site-packages\aiogram\dispatcher\router.py", line 164, in _wrapped
    return await self._propagate_event(
           ^^^^^^^^^^^^^^^^^^^^^^^^^^^^
    ...<4 lines>...
    )
    ^
  File "C:\Users\Stepan.WIN-6GD49LNTJ9L\AppData\Local\Programs\Python\Python313\Lib\site-packages\aiogram\dispatcher\router.py", line 200, in _propagate_event
    response = await router.propagate_event(update_type=update_type, event=event, **kwargs)
               ^^^^^^^^^^^^^^^^^^^^^^^^^^^^^^^^^^^^^^^^^^^^^^^^^^^^^^^^^^^^^^^^^^^^^^^^^^^^
  File "C:\Users\Stepan.WIN-6GD49LNTJ9L\AppData\Local\Programs\Python\Python313\Lib\site-packages\aiogram\dispatcher\router.py", line 172, in propagate_event
    return await observer.wrap_outer_middleware(_wrapped, event=event, data=kwargs)
           ^^^^^^^^^^^^^^^^^^^^^^^^^^^^^^^^^^^^^^^^^^^^^^^^^^^^^^^^^^^^^^^^^^^^^^^^
  File "C:\Users\Stepan.WIN-6GD49LNTJ9L\AppData\Local\Programs\Python\Python313\Lib\site-packages\aiogram\dispatcher\router.py", line 164, in _wrapped
    return await self._propagate_event(
           ^^^^^^^^^^^^^^^^^^^^^^^^^^^^
    ...<4 lines>...
    )
    ^
  File "C:\Users\Stepan.WIN-6GD49LNTJ9L\AppData\Local\Programs\Python\Python313\Lib\site-packages\aiogram\dispatcher\router.py", line 192, in _propagate_event
    response = await observer.trigger(event, **kwargs)
               ^^^^^^^^^^^^^^^^^^^^^^^^^^^^^^^^^^^^^^^
  File "C:\Users\Stepan.WIN-6GD49LNTJ9L\AppData\Local\Programs\Python\Python313\Lib\site-packages\aiogram\dispatcher\event\telegram.py", line 126, in trigger
    return await wrapped_inner(event, kwargs)
           ^^^^^^^^^^^^^^^^^^^^^^^^^^^^^^^^^^
  File "C:\Users\Stepan.WIN-6GD49LNTJ9L\AppData\Local\Programs\Python\Python313\Lib\site-packages\aiogram\dispatcher\event\handler.py", line 71, in call
    return await wrapped()
           ^^^^^^^^^^^^^^^
  File "C:\Users\Stepan.WIN-6GD49LNTJ9L\Desktop\MyGemy\bot.py", line 291, in mode_handler
    await message.reply(
    ...<2 lines>...
    )
  File "C:\Users\Stepan.WIN-6GD49LNTJ9L\AppData\Local\Programs\Python\Python313\Lib\site-packages\aiogram\methods\base.py", line 82, in emit
    return await bot(self)
           ^^^^^^^^^^^^^^^
  File "C:\Users\Stepan.WIN-6GD49LNTJ9L\AppData\Local\Programs\Python\Python313\Lib\site-packages\aiogram\client\bot.py", line 515, in __call__
    return await self.session(self, method, timeout=request_timeout)
           ^^^^^^^^^^^^^^^^^^^^^^^^^^^^^^^^^^^^^^^^^^^^^^^^^^^^^^^^^
  File "C:\Users\Stepan.WIN-6GD49LNTJ9L\AppData\Local\Programs\Python\Python313\Lib\site-packages\aiogram\client\session\base.py", line 259, in __call__
    return cast(TelegramType, await middleware(bot, method))
                              ^^^^^^^^^^^^^^^^^^^^^^^^^^^^^
  File "C:\Users\Stepan.WIN-6GD49LNTJ9L\AppData\Local\Programs\Python\Python313\Lib\site-packages\aiogram\client\session\aiohttp.py", line 177, in make_request
    response = self.check_response(
        bot=bot,
    ...<2 lines>...
        content=raw_result,
    )
  File "C:\Users\Stepan.WIN-6GD49LNTJ9L\AppData\Local\Programs\Python\Python313\Lib\site-packages\aiogram\client\session\base.py", line 121, in check_response
    raise TelegramBadRequest(method=method, message=description)
aiogram.exceptions.TelegramBadRequest: Telegram server says - Bad Request: message to be replied not found
2026-09-12 21:58:25,158 | INFO | aiogram.event | Update id=696938137 is handled. Duration 3626 ms by bot id=8969663971
2026-09-12 21:58:25,159 | INFO | aiogram.event | Update id=696938139 is handled. Duration 3625 ms by bot id=8969663971
2026-09-12 21:58:25,160 | INFO | aiogram.event | Update id=696938140 is handled. Duration 3625 ms by bot id=8969663971
2026-09-12 21:58:25,160 | INFO | aiogram.event | Update id=696938141 is handled. Duration 3626 ms by bot id=8969663971
2026-09-12 21:58:25,160 | INFO | aiogram.event | Update id=696938142 is handled. Duration 3626 ms by bot id=8969663971
2026-09-12 21:58:25,161 | INFO | aiogram.event | Update id=696938143 is handled. Duration 3626 ms by bot id=8969663971
2026-09-12 21:58:25,161 | INFO | aiogram.event | Update id=696938144 is handled. Duration 3626 ms by bot id=8969663971
2026-09-12 21:58:25,161 | INFO | aiogram.event | Update id=696938145 is handled. Duration 3626 ms by bot id=8969663971
2026-09-12 21:58:25,161 | INFO | aiogram.event | Update id=696938146 is handled. Duration 3626 ms by bot id=8969663971
2026-09-12 21:58:25,162 | INFO | aiogram.event | Update id=696938147 is handled. Duration 3626 ms by bot id=8969663971
2026-09-12 21:58:25,162 | INFO | aiogram.event | Update id=696938148 is handled. Duration 3626 ms by bot id=8969663971
2026-09-12 21:58:25,162 | INFO | aiogram.event | Update id=696938149 is handled. Duration 3627 ms by bot id=8969663971
2026-09-12 21:58:25,162 | INFO | aiogram.event | Update id=696938150 is handled. Duration 3627 ms by bot id=8969663971
2026-09-12 21:58:25,163 | INFO | aiogram.event | Update id=696938151 is handled. Duration 3627 ms by bot id=8969663971
2026-09-12 21:58:25,163 | INFO | aiogram.event | Update id=696938152 is handled. Duration 3627 ms by bot id=8969663971
2026-09-12 21:58:25,163 | INFO | aiogram.event | Update id=696938153 is handled. Duration 3627 ms by bot id=8969663971
2026-09-12 21:58:25,163 | INFO | aiogram.event | Update id=696938154 is handled. Duration 3627 ms by bot id=8969663971
2026-09-12 21:58:25,163 | INFO | aiogram.event | Update id=696938155 is handled. Duration 3627 ms by bot id=8969663971
2026-09-12 21:58:25,164 | INFO | aiogram.event | Update id=696938156 is handled. Duration 3627 ms by bot id=8969663971
2026-09-12 21:58:25,164 | INFO | aiogram.event | Update id=696938157 is handled. Duration 3627 ms by bot id=8969663971
2026-09-12 21:58:25,164 | INFO | aiogram.event | Update id=696938158 is handled. Duration 3627 ms by bot id=8969663971
